6: RetType ->  VOID
7: Formals -> epsilon
31: Type -> INT
38: Exp -> NUM
38: Exp -> NUM
38: Exp -> NUM
35: Exp -> Exp BINOP Exp
35: Exp -> Exp BINOP Exp
16: Statement -> Type ID ASSIGN Exp SC
12: Statements -> Statement
4: FuncDecl -> RetType ID LPAREN Formals RPAREN LBRACE Statements RBRACE
2: Funcs -> epsilon
3: Funcs -> FuncDecl Funcs
1: Program -> Funcs
