2: Funcs -> epsilon
6: RetType ->  VOID
7: Formals -> epsilon
36: Exp -> ID
36: Exp -> ID
38: Exp -> NUM
18: Statement -> ID ASSIGN Exp SC
12: Statements -> Statement
14: Statement -> LBRACE Statements RBRACE
38: Exp -> NUM
18: Statement -> ID ASSIGN Exp SC
12: Statements -> Statement
14: Statement -> LBRACE Statements RBRACE
23: Statement -> IF LPAREN Exp RPAREN Statement ELSE Statement
12: Statements -> Statement
14: Statement -> LBRACE Statements RBRACE
22: Statement -> IF LPAREN Exp RPAREN Statement
12: Statements -> Statement
4: FuncDecl -> RetType ID LPAREN Formals RPAREN LBRACE Statements RBRACE
3: Funcs -> FuncDecl Funcs
1: Program -> Funcs
