31: Type -> INT
5: RetType -> Type
7: Formals -> epsilon
31: Type -> INT
15: Statement -> Type ID SC
12: Statements -> Statement
36: Exp -> ID
36: Exp -> ID
36: Exp -> ID
38: Exp -> NUM
18: Statement -> ID ASSIGN Exp SC
38: Exp -> NUM
18: Statement -> ID ASSIGN Exp SC
23: Statement -> IF LPAREN Exp RPAREN Statement ELSE Statement
38: Exp -> NUM
18: Statement -> ID ASSIGN Exp SC
23: Statement -> IF LPAREN Exp RPAREN Statement ELSE Statement
22: Statement -> IF LPAREN Exp RPAREN Statement
13: Statements -> Statements Statement
4: FuncDecl -> RetType ID LPAREN Formals RPAREN LBRACE Statements RBRACE
2: Funcs -> epsilon
3: Funcs -> FuncDecl Funcs
1: Program -> Funcs
