6: RetType ->  VOID
7: Formals -> epsilon
41: Exp -> TRUE
42: Exp -> FALSE
44: Exp -> Exp AND Exp
41: Exp -> TRUE
42: Exp -> FALSE
44: Exp -> Exp AND Exp
45: Exp -> Exp OR Exp
38: Exp -> NUM
21: Statement -> RETURN Exp SC
22: Statement -> IF LPAREN Exp RPAREN Statement
12: Statements -> Statement
4: FuncDecl -> RetType ID LPAREN Formals RPAREN LBRACE Statements RBRACE
2: Funcs -> epsilon
3: Funcs -> FuncDecl Funcs
1: Program -> Funcs
